[INFO] Scanning for projects...
[INFO] ------------------------------------------------------------------------
[INFO] Reactor Build Order:
[INFO] 
[INFO] AtlanticAPI                                                        [pom]
[INFO] atlantic-db                                                        [jar]
[INFO] atlantic-web                                                       [jar]
[INFO] 
[INFO] ----------------------< com.atlantic:AtlanticAPI >----------------------
[INFO] Building AtlanticAPI 0.0.1-SNAPSHOT                                [1/3]
[INFO]   from pom.xml
[INFO] --------------------------------[ pom ]---------------------------------
[INFO] 
[INFO] ----------------------< com.atlantic:atlantic-db >----------------------
[INFO] Building atlantic-db 0.0.1-SNAPSHOT                                [2/3]
[INFO]   from atlantic-db\pom.xml
[INFO] --------------------------------[ jar ]---------------------------------
[INFO] 
[INFO] --- resources:3.3.1:resources (default-resources) @ atlantic-db ---
[INFO] Copying 0 resource from src\main\resources to target\classes
[INFO] Copying 0 resource from src\main\resources to target\classes
[INFO] 
[INFO] --- compiler:3.14.0:compile (default-compile) @ atlantic-db ---
[INFO] Nothing to compile - all classes are up to date.
[INFO] 
[INFO] --- resources:3.3.1:testResources (default-testResources) @ atlantic-db ---
[INFO] skip non existing resourceDirectory C:\Users\richa\OneDrive\Documentos\atlantic\atlantic-db\src\test\resources
[INFO] 
[INFO] --- compiler:3.14.0:testCompile (default-testCompile) @ atlantic-db ---
[INFO] Nothing to compile - all classes are up to date.
[INFO] 
[INFO] --- surefire:3.5.3:test (default-test) @ atlantic-db ---
[INFO] Tests are skipped.
[INFO] 
[INFO] --- jar:3.4.2:jar (default-jar) @ atlantic-db ---
[INFO] Building jar: C:\Users\richa\OneDrive\Documentos\atlantic\atlantic-db\target\atlantic-db-0.0.1-SNAPSHOT.jar
[INFO] 
[INFO] ---------------------< com.atlantic:atlantic-web >----------------------
[INFO] Building atlantic-web 0.0.1-SNAPSHOT                               [3/3]
[INFO]   from atlantic-web\pom.xml
[INFO] --------------------------------[ jar ]---------------------------------
[INFO] 
[INFO] --- resources:3.3.1:resources (default-resources) @ atlantic-web ---
[INFO] Copying 1 resource from src\main\resources to target\classes
[INFO] Copying 6 resources from src\main\resources to target\classes
[INFO] 
[INFO] --- compiler:3.14.0:compile (default-compile) @ atlantic-web ---
[INFO] Recompiling the module because of changed dependency.
[INFO] Compiling 8 source files with javac [debug parameters release 21] to target\classes
[INFO] 
[INFO] --- resources:3.3.1:testResources (default-testResources) @ atlantic-web ---
[INFO] skip non existing resourceDirectory C:\Users\richa\OneDrive\Documentos\atlantic\atlantic-web\src\test\resources
[INFO] 
[INFO] --- compiler:3.14.0:testCompile (default-testCompile) @ atlantic-web ---
[INFO] Recompiling the module because of changed dependency.
[INFO] Compiling 5 source files with javac [debug parameters release 21] to target\test-classes
[INFO] 
[INFO] --- surefire:3.5.3:test (default-test) @ atlantic-web ---
[INFO] Tests are skipped.
[INFO] 
[INFO] --- jar:3.4.2:jar (default-jar) @ atlantic-web ---
[INFO] Building jar: C:\Users\richa\OneDrive\Documentos\atlantic\atlantic-web\target\atlantic-web-0.0.1-SNAPSHOT.jar
[INFO] 
[INFO] --- spring-boot:3.5.5:repackage (repackage) @ atlantic-web ---
[INFO] Replacing main artifact C:\Users\richa\OneDrive\Documentos\atlantic\atlantic-web\target\atlantic-web-0.0.1-SNAPSHOT.jar with repackaged archive, adding nested dependencies in BOOT-INF/.
[INFO] The original artifact has been renamed to C:\Users\richa\OneDrive\Documentos\atlantic\atlantic-web\target\atlantic-web-0.0.1-SNAPSHOT.jar.original
[INFO] ------------------------------------------------------------------------
[INFO] Reactor Summary for AtlanticAPI 0.0.1-SNAPSHOT:
[INFO] 
[INFO] AtlanticAPI ........................................ SUCCESS [  0.003 s]
[INFO] atlantic-db ........................................ SUCCESS [  2.227 s]
[INFO] atlantic-web ....................................... SUCCESS [  7.323 s]
[INFO] ------------------------------------------------------------------------
[INFO] BUILD SUCCESS
[INFO] ------------------------------------------------------------------------
[INFO] Total time:  10.285 s
[INFO] Finished at: 2026-09-24T21:09:41-03:00
[INFO] ------------------------------------------------------------------------
